<!DOCTYPE html>
<html xmlns="http://www.w3.org/1999/xhtml">
  <head>
    <title>
    </title>
  </head>
  <body>
    <div class="TextArea TextArea--medium TextArea--danger">
      <label for="example" class="TextArea__label">TextArea</label> 

      <textarea id="example" name="" class="TextArea__input" aria-describedby="example-validation-text"></textarea>
      <div class="TextArea__validationText" id="example-validation-text">
        <ul>
          <li>Danger validation text
          </li>

          <li>Second danger validation text
          </li>
        </ul>
      </div>
    </div>
  </body>
</html>
