<!DOCTYPE html>
<html xmlns="http://www.w3.org/1999/xhtml">
  <head>
    <title>
    </title>
  </head>
  <body>
    <div data-test="test" class="TextArea TextArea--medium TextArea--error" data-spirit-toggle="autoResize">
      <label for="example" class="TextArea__label TextArea__label--required">TextArea</label> 

      <textarea maxlength="10" minlength="6" rows="10" id="example" name="example" class="TextArea__input" required="" aria-describedby="example-validation-text">TextArea value</textarea>
      <div class="TextArea__validationText" id="example-validation-text">
        validation failed
      </div>
    </div>
  </body>
</html>
