<!DOCTYPE html>
<!-- Render with all props --><html xmlns="http://www.w3.org/1999/xhtml">
  <head>
    <title>
    </title>
  </head>
  <body>
    <div class="UNSTABLE_ActionLayout">
      <a class="Button Button--primary Button--medium" href="#">Primary Button</a> <a class="Button Button--secondary Button--medium" href="#">Secondary Button</a>
    </div>
  </body>
</html>
