<!DOCTYPE html>
<!-- Render as div --><html xmlns="http://www.w3.org/1999/xhtml">
  <head>
    <title>
    </title>
  </head>
  <body>
    <div class="typography-heading-medium-bold">
      Example heading
    </div>
    <!-- Render as h1 -->

    <h1 class="typography-heading-medium-bold">
      Example heading
    </h1>
    <!-- Render as h1 semibold -->

    <h1 class="typography-heading-medium-semibold">
      Example heading
    </h1>
    <!-- Render with all props -->

    <h2 translate="no" class="typography-heading-large-italic">
      Example heading
    </h2>
  </body>
</html>
