<!DOCTYPE html>
<html xmlns="https://www.w3.org/1999/xhtml">
  <head>
    <title>
    </title>
  </head>
  <body>
    <div class="Container">
      Content
    </div>
  </body>
</html>
