<!DOCTYPE html>
<html xmlns="http://www.w3.org/1999/xhtml">
  <head>
    <title>
    </title>
  </head>
  <body>
    <div class="Container Container--xlarge">
      Content
    </div>
    <!-- Render with size prop -->

    <div class="Container Container--small">
      Content
    </div>
    <!-- Render with isFluid prop -->

    <div class="Container Container--fluid">
      Content
    </div>
    <!-- Render with textAlignment prop -->

    <div class="Container Container--xlarge text-center">
      Content
    </div>

    <div class="Container Container--xlarge text-right">
      Content
    </div>

    <div class="Container Container--xlarge text-left text-tablet-center text-desktop-right">
      Content
    </div>
    <!-- Render with all props -->

    <div class="Container Container--fluid">
      Content
    </div>
  </body>
</html>
