<!DOCTYPE html>
<html xmlns="https://www.w3.org/1999/xhtml">
  <head>
    <title>
    </title>
  </head>
  <body>
    <ul class="HeaderNav">
      <li class="HeaderNavItem">item
      </li>

      <li class="HeaderNavItem">another item
      </li>
    </ul>
  </body>
</html>
