<!DOCTYPE html>
<html xmlns="http://www.w3.org/1999/xhtml">
  <head>
    <title>
    </title>
  </head>
  <body>
    <nav class="HeaderDesktopActions">
      desktop actions
    </nav>
    <!-- Render with all props -->

    <nav class="HeaderDesktopActions HeaderDesktopActions--end">
      desktop actions aligned to the end
    </nav>
  </body>
</html>
