<!DOCTYPE html>
<html xmlns="http://www.w3.org/1999/xhtml">
  <head>
    <title>
    </title>
  </head>
  <body>
    <nav class="Breadcrumbs" aria-label="Breadcrumb">
      <ol>
        <li class="d-none d-tablet-flex">
          <a aria-current="false" href="#rootUrl" class="link-primary link-underlined">Root</a> <svg xmlns="http://www.w3.org/2000/svg" width="24" height="24" viewbox="0 0 24 24" fill="none" id="svg_fa2b65b7e049d1eae33532715c70980f" aria-hidden="true">
          <path d="M9.29006 7.05475C8.90006 7.44475 8.90006 8.07475 9.29006 8.46475L13.1701 12.3447L9.29006 16.2247C8.90006 16.6147 8.90006 17.2447 9.29006 17.6347C9.68006 18.0247 10.3101 18.0247 10.7001 17.6347L15.2901 13.0447C15.6801 12.6547 15.6801 12.0247 15.2901 11.6347L10.7001 7.04475C10.3201 6.66475 9.68006 6.66475 9.29006 7.05475Z" fill="currentColor">
          </path></svg>
        </li>

        <li class="d-none d-tablet-flex">
          <a aria-current="false" href="#categoryUrl" class="link-primary link-underlined">Category</a> <svg width="24" height="24" fill="none" viewbox="0 0 24 24" aria-hidden="true">
          <use href="#svg_fa2b65b7e049d1eae33532715c70980f">
          </use></svg>
        </li>

        <li class="d-tablet-none">
          <svg xmlns="http://www.w3.org/2000/svg" width="24" height="24" viewbox="0 0 24 24" fill="none" id="svg_421fdea4d7e5f5b250c10b634f7b9366" aria-hidden="true">
          <path d="M14.71 7.05471C14.32 6.66471 13.69 6.66471 13.3 7.05471L8.70998 11.6447C8.31998 12.0347 8.31998 12.6647 8.70998 13.0547L13.3 17.6447C13.69 18.0347 14.32 18.0347 14.71 17.6447C15.1 17.2547 15.1 16.6247 14.71 16.2347L10.83 12.3447L14.71 8.46471C15.1 8.07471 15.09 7.43471 14.71 7.05471Z" fill="currentColor">
          </path></svg> <a aria-current="false" href="#subcategoryUrl" class="link-primary link-underlined">Back</a>
        </li>

        <li class="d-none d-tablet-flex">
          <a aria-current="false" href="#subcategoryUrl" class="link-primary link-underlined">Subcategory</a>
          <svg width="24" height="24" fill="none" viewbox="0 0 24 24" aria-hidden="true">
          <use href="#svg_fa2b65b7e049d1eae33532715c70980f">
          </use></svg>
        </li>

        <li class="d-none d-tablet-flex">
          <a aria-current="page" href="#currentUrl" class="link-secondary">Current page</a>
        </li>
      </ol>
    </nav>
  </body>
</html>
