<html><body>
<header class="Header  Header--inverted">
  <a href="/">
    <img src="https://www.example.com/logo.png" width="65" height="24" alt="Spirit">
  </a>
  
<div class="Header__mobileOnlyActions">
    <button aria-expanded="false" class="Button Button--inverted  Button--square" type="button">        <span class="Header__icon Header__icon--menu" aria-hidden="true"></span>
        <span class="accessibility-hidden">Menu</span>
    </button>
</div>
  
<nav class="Header">
  <div class="Header__content">
      

<button type="button" class="Header__close" aria-expanded="false">
    <span class="Header__icon Header__icon--close" aria-hidden="true"></span>
    <span class="accessibility-hidden">Close</span>
</button>
    
<div class="Header__actions Header__actions--primary">
      
<ul class="Header__nav">
        
<li class="Header__navItem">
          
<a href="/" class="Header__link">
Job offers</a>
        </li>
        
<li class="Header__navItem">
          
<a href="/" class="Header__link">
Work</a>
        </li>
        
<li class="Header__navItem">
          
<a href="/" class="Header__link">
Inspiration</a>
        </li>
        
<li class="Header__navItem">
          
<a href="/" class="Header__link">
History of answers</a>
        </li>
        
<li class="Header__navItem">
          
<a href="/" class="Header__link">
Employees</a>
        </li>
      </ul>
    </div>
    
<div class="Header__actions Header__actions--secondary">
      <a class="Button Button--primary" href="/">Login</a>
      <a class="Button Button--inverted" href="/">Login for Companies</a>
    </div>
    </div>
</nav>
</header>
</body></html>
