<html><body>
<div class="Tooltip Tooltip--right Tooltip--dismissible" id='"my-tooltip"'>
            Hello there!
                <button type="button" class="Tooltip__close" data-dismiss="tooltip" data-target="#my-tooltip" aria-controls="my-tooltip" aria-expanded="true">
            <span class="accessibility-hidden">Close</span>
        </button>
        <span class="Tooltip__arrow"></span>
</div>
</body></html>
