<html><body>
<button data-toggle="collapse" data-target="CollapseExample1" aria-expanded="true" class="Button Button--primary Button--medium" type="button">Toggle</button>
<div id="CollapseExample1" class="Collapse">
    <div class="Collapse__content">Content    </div>
</div>
</body></html>
