<!DOCTYPE html>
<html xmlns="http://www.w3.org/1999/xhtml">
  <head>
    <title></title>
  </head>
  <body>
    <dialog class="HeaderDialog" id="my-menu">
      <div class="HeaderDialog__panel">
        <div class="HeaderDialog__content">
          <div>
            dialog content
          </div>
        </div>
      </div>
    </dialog><!-- Render with all props -->
    <dialog class="HeaderDialog my-custom-class" id="my-other-menu">
      <div class="HeaderDialog__panel">
        <div class="HeaderDialog__content">
          <div>
            dialog content
          </div>
        </div>
      </div>
    </dialog>
  </body>
</html>
