<html><body>
<button class="Button Button--primary" type="button" disabled>Disabled button</button>
</body></html>
