<html><body>
<label for="example" class="CheckboxField  CheckboxField--error">
    <input type="checkbox" id="example" name="example" class="CheckboxField__input" required>
    <span class="CheckboxField__text">
        <span class="CheckboxField__label  CheckboxField__label--required">some label</span>
        <span class="CheckboxField__message">validation failed</span>    </span>
</label>
</body></html>
