<!DOCTYPE html>
<html xmlns="http://www.w3.org/1999/xhtml">
  <head>
    <title>
    </title>
  </head>
  <body>
    <div class="TextArea TextArea--danger">
      <label for="example" class="TextArea__label">TextArea</label> 

      <textarea id="example" name="" class="TextArea__input"></textarea>
      <ul class="TextArea__message">
        <li>Danger validation message
        </li>

        <li>Second danger validation message
        </li>
      </ul>
    </div>
  </body>
</html>
