<html><body>
<p class="typography-body-medium-text-regular">    Example text
</p>
<div class="typography-body-medium-text-regular">    Example text
</div>
<p class="typography-body-large-text-bold">    Example text
</p>
</body></html>
