<!DOCTYPE html>
<html xmlns="http://www.w3.org/1999/xhtml">
  <head>
    <title></title>
  </head>
  <body>
    <div data-toggle="fileUploader" class="FileUploader">
      <template data-spirit-snippet="item">
        <ul>
          <li class="FileUploaderAttachment" data-spirit-populate-field="item">
            <svg xmlns="http://www.w3.org/2000/svg" width="24" height="24" viewbox="0 0 24 24" fill="none" aria-hidden="true">
            <path d="M6 22C5.45 22 4.97917 21.8042 4.5875 21.4125C4.19583 21.0208 4 20.55 4 20V4C4 3.45 4.19583 2.97917 4.5875 2.5875C4.97917 2.19583 5.45 2 6 2H13.175C13.4417 2 13.6958 2.05 13.9375 2.15C14.1792 2.25 14.3917 2.39167 14.575 2.575L19.425 7.425C19.6083 7.60833 19.75 7.82083 19.85 8.0625C19.95 8.30417 20 8.55833 20 8.825V20C20 20.55 19.8042 21.0208 19.4125 21.4125C19.0208 21.8042 18.55 22 18 22H6ZM12 9V4H6V20H18V10H13C12.7167 10 12.4792 9.90417 12.2875 9.7125C12.0958 9.52083 12 9.28333 12 9Z" fill="#132930"></path></svg> <button type="button" class="FileUploaderAttachment__remove" data-spirit-populate-field="button"><span class="accessibility-hidden">Remove</span> <svg xmlns="http://www.w3.org/2000/svg" width="24" height="24" viewbox="0 0 24 24" fill="none" aria-hidden="true">
            <path d="M18.3002 5.70997C17.9102 5.31997 17.2802 5.31997 16.8902 5.70997L12.0002 10.59L7.11022 5.69997C6.72022 5.30997 6.09021 5.30997 5.70021 5.69997C5.31021 6.08997 5.31021 6.71997 5.70021 7.10997L10.5902 12L5.70021 16.89C5.31021 17.28 5.31021 17.91 5.70021 18.3C6.09021 18.69 6.72022 18.69 7.11022 18.3L12.0002 13.41L16.8902 18.3C17.2802 18.69 17.9102 18.69 18.3002 18.3C18.6902 17.91 18.6902 17.28 18.3002 16.89L13.4102 12L18.3002 7.10997C18.6802 6.72997 18.6802 6.08997 18.3002 5.70997Z" fill="#132930"></path></svg></button>
          </li>
        </ul>
      </template>
      <div class="FileUploaderInput" data-spirit-element="wrapper">
        <label for="example" class="FileUploaderInput__label">Label</label> <input type="file" id="example" class="FileUploaderInput__input" data-spirit-element="input">
        <div class="FileUploaderInput__dropZone" data-spirit-element="dropZone">
          <svg xmlns="http://www.w3.org/2000/svg" width="24" height="24" viewbox="0 0 24 24" fill="none" id="bd94da1d571f7fd512347e20627bc4fb" aria-hidden="true">
          <path d="M12.3752 3.0625C12.2585 3.02083 12.1335 3 12.0002 3C11.8669 3 11.7419 3.02083 11.6252 3.0625C11.5085 3.10417 11.4002 3.175 11.3002 3.275L6.7002 7.875C6.51686 8.05833 6.4252 8.29167 6.4252 8.575C6.4252 8.85833 6.51686 9.09167 6.7002 9.275C6.88353 9.45833 7.12103 9.55417 7.4127 9.5625C7.70436 9.57083 7.94186 9.48333 8.1252 9.3L11.0002 6.425L11.0002 15.575C11.0002 15.8583 11.096 16.0958 11.2877 16.2875C11.4794 16.4792 11.7169 16.575 12.0002 16.575C12.2835 16.575 12.521 16.4792 12.7127 16.2875C12.9044 16.0958 13.0002 15.8583 13.0002 15.575L13.0002 6.425L15.8752 9.3C16.0585 9.48333 16.296 9.57083 16.5877 9.5625C16.8794 9.55417 17.1169 9.45833 17.3002 9.275C17.4835 9.09167 17.5752 8.85833 17.5752 8.575C17.5752 8.29167 17.4835 8.05833 17.3002 7.875L12.7002 3.275C12.6002 3.175 12.4919 3.10417 12.3752 3.0625Z" fill="#132930"></path>
          <path d="M3.5875 20.4125C3.97917 20.8042 4.45 21 5 21H19C19.55 21 20.0208 20.8042 20.4125 20.4125C20.8042 20.0209 21 19.55 21 19V17C21 16.7167 20.9042 16.4792 20.7125 16.2875C20.5208 16.0959 20.2833 16 20 16C19.7167 16 19.4792 16.0959 19.2875 16.2875C19.0958 16.4792 19 16.7167 19 17V19H5V17C5 16.7167 4.90417 16.4792 4.7125 16.2875C4.52083 16.0959 4.28333 16 4 16C3.71667 16 3.47917 16.0959 3.2875 16.2875C3.09583 16.4792 3 16.7167 3 17V19C3 19.55 3.19583 20.0209 3.5875 20.4125Z" fill="#132930"></path></svg> <label for="example" class="FileUploaderInput__dropZoneLabel"><span class="FileUploaderInput__link link-primary link-underlined">Upload your file</span> <span class="FileUploaderInput__dragAndDropLabel">or drag and drop here</span></label>
        </div>
      </div>
      <h3 id="file-uploader-attachments" hidden="">
        Attachments
      </h3>
      <ul class="FileUploaderList" aria-labelledby="file-uploader-attachments" data-spirit-element="list">
        <li class="FileUploaderAttachment" data-spirit-populate-field="item">
          <svg xmlns="http://www.w3.org/2000/svg" width="24" height="24" viewbox="0 0 24 24" fill="none" aria-hidden="true">
          <path d="M6 22C5.45 22 4.97917 21.8042 4.5875 21.4125C4.19583 21.0208 4 20.55 4 20V4C4 3.45 4.19583 2.97917 4.5875 2.5875C4.97917 2.19583 5.45 2 6 2H13.175C13.4417 2 13.6958 2.05 13.9375 2.15C14.1792 2.25 14.3917 2.39167 14.575 2.575L19.425 7.425C19.6083 7.60833 19.75 7.82083 19.85 8.0625C19.95 8.30417 20 8.55833 20 8.825V20C20 20.55 19.8042 21.0208 19.4125 21.4125C19.0208 21.8042 18.55 22 18 22H6ZM12 9V4H6V20H18V10H13C12.7167 10 12.4792 9.90417 12.2875 9.7125C12.0958 9.52083 12 9.28333 12 9Z" fill="#132930"></path></svg> <button type="button" class="FileUploaderAttachment__remove" data-spirit-populate-field="button"><span class="accessibility-hidden">Remove</span> <svg xmlns="http://www.w3.org/2000/svg" width="24" height="24" viewbox="0 0 24 24" fill="none" aria-hidden="true">
          <path d="M18.3002 5.70997C17.9102 5.31997 17.2802 5.31997 16.8902 5.70997L12.0002 10.59L7.11022 5.69997C6.72022 5.30997 6.09021 5.30997 5.70021 5.69997C5.31021 6.08997 5.31021 6.71997 5.70021 7.10997L10.5902 12L5.70021 16.89C5.31021 17.28 5.31021 17.91 5.70021 18.3C6.09021 18.69 6.72022 18.69 7.11022 18.3L12.0002 13.41L16.8902 18.3C17.2802 18.69 17.9102 18.69 18.3002 18.3C18.6902 17.91 18.6902 17.28 18.3002 16.89L13.4102 12L18.3002 7.10997C18.6802 6.72997 18.6802 6.08997 18.3002 5.70997Z" fill="#132930"></path></svg></button>
        </li>
      </ul>
    </div>
  </body>
</html>
