<html><body>
<nav class="HeaderDialogActions HeaderDialogActions--primary">
       primary actions slot
</nav>

<!-- Render with all props -->
<nav class="HeaderDialogActions HeaderDialogActions--secondary my-custom-class">
        secondary actions slot
</nav>
</body></html>
