<html><body>
<div class="TextArea">
    <label for="example" class="TextArea__label">
        TextArea
    </label>
            <textarea id="example" name="" class="TextArea__input">
            
        </textarea>
                <div class="TextArea__helperText">
            This is helper text
        </div>
        </div>
</body></html>
