<html><body>
<div class="TextField   TextField--error">
    <label for="example" class="TextField__label  TextField__label--required">
        Text field
    </label>
    <input minlength="6" type="text" id="example" name="example" class="TextField__input" required>
    </div>
</body></html>
