<html><body>
<div class="Grid Grid--narrow">    <span>col 1</span>
    <span>col 2</span>
    <span>col 3</span>
    <span>col 4</span>
    <span>col 5</span>
    <span>col 6</span>
</div>
</body></html>
