<html><body>
<div class="Alert Alert--success" role="alert">    Message
</div>
<div class="Alert Alert--danger" role="alert">    Message
</div>
</body></html>
