<html><body>
<span class="Tag Tag--default Tag--medium Tag--dark">Tag</span>
</body></html>
