<!DOCTYPE html>
<html xmlns="http://www.w3.org/1999/xhtml">
  <head>
    <title></title>
  </head>
  <body>
    <div class="DropdownWrapper">
      <button data-toggle="dropdown" data-target="DropdownExample" aria-controls="DropdownExample" aria-expanded="false" class="Button Button--primary Button--medium" type="button">Open Dropdown</button> <span id="DropdownExample" class="Dropdown Dropdown--fullWidth Dropdown--top Dropdown--right">Dropdown Content</span>
    </div>
  </body>
</html>
