<!DOCTYPE html>
<!-- Render with link-underlined class  --><html xmlns="http://www.w3.org/1999/xhtml">
  <head>
    <title>
    </title>
  </head>
  <body>
    <a href="" class="link-primary link-underlined">Example link</a> <!-- Render with link-not-underlined class -->
     <a href="" class="link-primary link-not-underlined">Example link</a>
  </body>
</html>
