<!DOCTYPE html>
<html xmlns="http://www.w3.org/1999/xhtml">
  <head>
    <title>
    </title>
  </head>
  <body>
    <div class="TextField TextField--medium">
      <label for="example" class="TextField__label">Text field</label> <input type="text" id="example" name="example" class="TextField__input" aria-describedby="example-helper-text">
      <div class="TextField__helperText" id="example-helper-text">
        This is helper text
      </div>
    </div>
  </body>
</html>
