<!DOCTYPE html>
<html xmlns="http://www.w3.org/1999/xhtml">
  <head>
    <title>
    </title>
  </head>
  <body>
    <div class="TextField TextField--medium TextField--danger">
      <label for="example" class="TextField__label">Text field</label> <input type="text" id="example" name="example" class="TextField__input" aria-describedby="example-validation-text">
      <div class="TextField__validationText" id="example-validation-text">
        <ul>
          <li>Danger validation text
          </li>

          <li>Second danger validation text
          </li>
        </ul>
      </div>
    </div>
  </body>
</html>
