<!DOCTYPE html>
<html xmlns="http://www.w3.org/1999/xhtml">
  <head>
    <title>
    </title>
  </head>
  <body>
    <div class="TextField TextField--medium">
      <label for="password-toggle" class="TextField__label">Text field with password toggle</label>
      <div class="TextField__passwordToggle">
        <input type="password" id="password-toggle" name="passwordToggle" class="TextField__input"> <button type="button" class="TextField__passwordToggle__button" role="switch" aria-checked="false" aria-label="Show password" data-spirit-toggle="password"><span class="TextField__passwordToggle__icon TextField__passwordToggle__icon--hidden"><svg xmlns="http://www.w3.org/2000/svg" width="20" height="20" viewbox="0 0 24 24" fill="none" id="svg_e192fce9cd625329592da544d6e61261" class="Icon" aria-hidden="true">
        <path d="M12 4.5C7 4.5 2.73 7.61 1 12C2.73 16.39 7 19.5 12 19.5C17 19.5 21.27 16.39 23 12C21.27 7.61 17 4.5 12 4.5ZM12 17C9.24 17 7 14.76 7 12C7 9.24 9.24 7 12 7C14.76 7 17 9.24 17 12C17 14.76 14.76 17 12 17ZM12 9C10.34 9 9 10.34 9 12C9 13.66 10.34 15 12 15C13.66 15 15 13.66 15 12C15 10.34 13.66 9 12 9Z" fill="currentColor">
        </path></svg></span> <span class="TextField__passwordToggle__icon TextField__passwordToggle__icon--shown"><svg xmlns="http://www.w3.org/2000/svg" width="20" height="20" viewbox="0 0 24 24" fill="none" id="svg_841f7617c322b9753b5af22d8ab486f4" class="Icon" aria-hidden="true">
        <path d="M12 7C14.76 7 17 9.24 17 12C17 12.65 16.87 13.26 16.64 13.83L19.56 16.75C21.07 15.49 22.26 13.86 22.99 12C21.26 7.61 16.99 4.5 11.99 4.5C10.59 4.5 9.25 4.75 8.01 5.2L10.17 7.36C10.74 7.13 11.35 7 12 7ZM2 4.27L4.28 6.55L4.74 7.01C3.08 8.3 1.78 10.02 1 12C2.73 16.39 7 19.5 12 19.5C13.55 19.5 15.03 19.2 16.38 18.66L16.8 19.08L19.73 22L21 20.73L3.27 3L2 4.27ZM7.53 9.8L9.08 11.35C9.03 11.56 9 11.78 9 12C9 13.66 10.34 15 12 15C12.22 15 12.44 14.97 12.65 14.92L14.2 16.47C13.53 16.8 12.79 17 12 17C9.24 17 7 14.76 7 12C7 11.21 7.2 10.47 7.53 9.8ZM11.84 9.02L14.99 12.17L15.01 12.01C15.01 10.35 13.67 9.01 12.01 9.01L11.84 9.02Z" fill="currentColor">
        </path></svg></span></button>
      </div>
    </div>

    <div class="TextField TextField--medium TextField--disabled">
      <label for="password-toggle" class="TextField__label">Text field with password toggle</label>
      <div class="TextField__passwordToggle">
        <input type="password" id="password-toggle" name="passwordToggle" class="TextField__input" disabled> <button type="button" class="TextField__passwordToggle__button" role="switch" aria-checked="false" aria-label="Show password" data-spirit-toggle="password" disabled><span class="TextField__passwordToggle__icon TextField__passwordToggle__icon--hidden"><svg width="20" height="20" fill="none" viewbox="0 0 20 20" class="Icon" aria-hidden="true">
        <use href="#svg_e192fce9cd625329592da544d6e61261">
        </use></svg></span> <span class="TextField__passwordToggle__icon TextField__passwordToggle__icon--shown"><svg width="20" height="20" fill="none" viewbox="0 0 20 20" class="Icon" aria-hidden="true">
        <use href="#svg_841f7617c322b9753b5af22d8ab486f4">
        </use></svg></span></button>
      </div>
    </div>
  </body>
</html>
