<!DOCTYPE html>
<html xmlns="http://www.w3.org/1999/xhtml">
  <head>
    <title>
    </title>
  </head>
  <body>
    <div data-test="test" class="TextArea TextArea--medium TextArea--danger">
      <label for="example" class="TextArea__label TextArea__label--required">Textarea</label> 

      <textarea minlength="6" id="example" name="example" class="TextArea__input" required="" aria-describedby="example-validation-text"></textarea>
      <div class="TextArea__validationText" id="example-validation-text">
        validation failed
      </div>
    </div>
  </body>
</html>
