<!DOCTYPE html>
<html xmlns="http://www.w3.org/1999/xhtml">
  <head>
    <title>
    </title>
  </head>
  <body>
    <div class="Stack Stack--hasEndDivider Stack--hasIntermediateDividers Stack--hasStartDivider">
      <div>
        Block 1
      </div>

      <div>
        Block 2
      </div>

      <div>
        Block 3
      </div>
    </div>
  </body>
</html>
