<!DOCTYPE html>
<html xmlns="http://www.w3.org/1999/xhtml">
  <head>
    <title>
    </title>
  </head>
  <body>
    <label for="example" class="Radio Radio--item"><input type="radio" name="example" class="Radio__input" id="example"> <span class="Radio__text"><span class="Radio__label">item</span></span></label>
  </body>
</html>
