<!DOCTYPE html>
<html xmlns="http://www.w3.org/1999/xhtml">
  <head>
    <title>
    </title>
  </head>
  <body>
    <button class="Item Item--disabled" type="button" disabled><span class="Item__label">Item
    label</span></button> <a class="Item Item--disabled"><span class="Item__label">Item label</span></a>
  </body>
</html>
