<!DOCTYPE html>
<html xmlns="http://www.w3.org/1999/xhtml">
  <head>
    <title>
    </title>
  </head>
  <body>
    <button class="Item" type="button"><span class="Item__label">Item label</span> <span class="Item__helperText">Helper text</span></button>
  </body>
</html>
