<!DOCTYPE html>
<html xmlns="https://www.w3.org/1999/xhtml">
  <head>
    <title>
    </title>
  </head>
  <body>
    <span class="Pill Pill--selected">3</span>
  </body>
</html>
