<!DOCTYPE html>
<html xmlns="http://www.w3.org/1999/xhtml">
  <head>
    <title>
    </title>
  </head>
  <body>
    <section id="AccordionExample" class="Accordion">
      <article id="AccordionItemExample0" class="Accordion__item">
        <h3 id="AccordionItemExample0Header" class="Accordion__itemHeader">
          <button type="button" class="Accordion__itemToggle" data-spirit-toggle="collapse" data-spirit-target="AccordionItemExample0Content" aria-expanded="false" aria-controls="AccordionItemExample0Content">Accordion
          Header</button> <span class="Accordion__itemSide"><span class="Accordion__itemSlot"><span>my HTML
          content</span></span> <span class="Accordion__itemIcon"><svg xmlns="http://www.w3.org/2000/svg" width="24" height="24" viewbox="0 0 24 24" fill="none" id="e4d24000792e7660bc881b0a7e9ee481" aria-hidden="true">
          <path d="M15.88 9.63479L12 13.5148L8.11998 9.63479C7.72998 9.24479 7.09998 9.24479 6.70998 9.63479C6.31998 10.0248 6.31998 10.6548 6.70998 11.0448L11.3 15.6348C11.69 16.0248 12.32 16.0248 12.71 15.6348L17.3 11.0448C17.69 10.6548 17.69 10.0248 17.3 9.63479C16.91 9.25479 16.27 9.24479 15.88 9.63479Z" fill="currentColor">
          </path></svg></span></span>
        </h3>

        <div id="AccordionItemExample0Content" class="Collapse" aria-labelledby="AccordionItemExample0Header" data-spirit-parent="AccordionExample">
          <div class="Collapse__content">
            <div class="Accordion__content">
              Accordion Content
            </div>
          </div>
        </div>
      </article>

      <article id="AccordionItemExample1" class="Accordion__item">
        <h3 id="AccordionItemExample1Header" class="Accordion__itemHeader">
          <button type="button" class="Accordion__itemToggle" data-spirit-toggle="collapse" data-spirit-target="AccordionItemExample1Content" aria-expanded="true" aria-controls="AccordionItemExample1Content">Accordion
          Header</button> <span class="Accordion__itemSide"><span class="Accordion__itemIcon"><svg width="24" height="24" fill="none" viewbox="0 0 24 24" aria-hidden="true">
          <use href="#e4d24000792e7660bc881b0a7e9ee481">
          </use></svg></span></span>
        </h3>

        <div id="AccordionItemExample1Content" class="Collapse is-open" aria-labelledby="AccordionItemExample1Header" data-spirit-parent="AccordionExample">
          <div class="Collapse__content">
            <div class="Accordion__content">
              Accordion Content
            </div>
          </div>
        </div>
      </article>
    </section>
  </body>
</html>
