<!DOCTYPE html>
<html xmlns="http://www.w3.org/1999/xhtml">
  <head>
    <title>
    </title>
  </head>
  <body>
    <div class="Select Select--success">
      <label for="select-success" class="Select__label Select__label--required">Validation success</label>
      <div class="Select__inputContainer">
        <select id="select-success" name="select-success" class="Select__input" required="">
          <option value="" selected disabled>
            Placeholder
          </option>
          <option value="1">
            Option 1
          </option>
          <option value="2">
            Option 2
          </option>
        </select>
        <div class="Select__icon">
          <svg xmlns="http://www.w3.org/2000/svg" width="24" height="24" viewbox="0 0 24 24" fill="none" id="e4d24000792e7660bc881b0a7e9ee481" aria-hidden="true">
          <path d="M15.88 9.63472L12 13.5147L8.11998 9.63472C7.72998 9.24472 7.09998 9.24472 6.70998 9.63472C6.31998 10.0247 6.31998 10.6547 6.70998 11.0447L11.3 15.6347C11.69 16.0247 12.32 16.0247 12.71 15.6347L17.3 11.0447C17.69 10.6547 17.69 10.0247 17.3 9.63472C16.91 9.25472 16.27 9.24472 15.88 9.63472Z" fill="currentColor">
          </path></svg>
        </div>
      </div>

      <div class="Select__validationText">
        Success validation text
      </div>
    </div>

    <div class="Select Select--warning">
      <label for="select-warning" class="Select__label Select__label--required">Validation warning</label>
      <div class="Select__inputContainer">
        <select id="select-warning" name="select-warning" class="Select__input" required="">
          <option value="" selected disabled>
            Placeholder
          </option>
          <option value="1">
            Option 1
          </option>
          <option value="2">
            Option 2
          </option>
        </select>
        <div class="Select__icon">
          <svg width="24" height="24" fill="none" viewbox="0 0 24 24" aria-hidden="true">
          <use href="#e4d24000792e7660bc881b0a7e9ee481">
          </use></svg>
        </div>
      </div>

      <div class="Select__validationText">
        Warning validation text
      </div>
    </div>

    <div class="Select Select--danger">
      <label for="select-danger" class="Select__label Select__label--required">Validation danger</label>
      <div class="Select__inputContainer">
        <select id="select-danger" name="select-danger" class="Select__input" required="">
          <option value="" selected disabled>
            Placeholder
          </option>
          <option value="1">
            Option 1
          </option>
          <option value="2">
            Option 2
          </option>
        </select>
        <div class="Select__icon">
          <svg width="24" height="24" fill="none" viewbox="0 0 24 24" aria-hidden="true">
          <use href="#e4d24000792e7660bc881b0a7e9ee481">
          </use></svg>
        </div>
      </div>

      <ul class="Select__validationText">
        <li>Danger validation text
        </li>

        <li>Second danger validation text
        </li>
      </ul>
    </div>
  </body>
</html>
