<!DOCTYPE html>
<html xmlns="http://www.w3.org/1999/xhtml">
  <head>
    <title>
    </title>
  </head>
  <body>
    <a href="" class="ToastBar__link link-underlined" data-spirit-populate-field="link">ToastBar Link</a> 
    <!-- Render with all props -->
     <a target="_blank" href="https://www.google.com" style="outline: 5px solid blue; outline-offset: -5px;" class="ToastBar__link link-underlined custom-class" data-spirit-populate-field="link">ToastBar Link</a>
  </body>
</html>
